
> react-oas-integration@3.0.0 dev
> concurrently "npm run start" "npm run backend" "npm run ai-service"

[2] 
[2] > react-oas-integration@3.0.0 ai-service
[2] > cd ai-service && python -m uvicorn main_simple:app --host 0.0.0.0 --port 8000 --reload
[2] 
[1] 
[1] > react-oas-integration@3.0.0 backend
[1] > cd backend && npm start
[1] 
[0] 
[0] > react-oas-integration@3.0.0 start
[0] > react-scripts start
[0] 
[1] 
[1] > react-oas-integration-backend@1.0.0 start
[1] > node src/server.js
[1] 
[2] INFO:     Will watch for changes in these directories: ['/Users/phuccao/Projects/work/oas-integration/v4-part2/ai-service']
[2] INFO:     Uvicorn running on http://0.0.0.0:8000 (Press CTRL+C to quit)
[2] INFO:     Started reloader process [99199] using WatchFiles
[1] 🚀 Backend server running on port 3001
[1] 📊 Health check: http://localhost:3001/health
[1] 🌐 WebSocket server ready for connections
[2] INFO:     Started server process [99249]
[2] INFO:     Waiting for application startup.
[2] INFO:     Application startup complete.
[0] (node:99206) [DEP_WEBPACK_DEV_SERVER_ON_AFTER_SETUP_MIDDLEWARE] DeprecationWarning: 'onAfterSetupMiddleware' option is deprecated. Please use the 'setupMiddlewares' option.
[0] (Use `node --trace-deprecation ...` to show where the warning was created)
[0] (node:99206) [DEP_WEBPACK_DEV_SERVER_ON_BEFORE_SETUP_MIDDLEWARE] DeprecationWarning: 'onBeforeSetupMiddleware' option is deprecated. Please use the 'setupMiddlewares' option.
[0] Starting the development server...
[0] 
[0] Compiled with warnings.
[0] 
[0] [eslint] 
[0] src/components/auth/Login.jsx
[0]   Line 303:15:  The href attribute requires a valid value to be accessible. Provide a valid, navigable address as the href value. If you cannot provide a valid href, but still need the element to resemble a link, use a button and change it with appropriate styles. Learn more: https://github.com/jsx-eslint/eslint-plugin-jsx-a11y/blob/HEAD/docs/rules/anchor-is-valid.md  jsx-a11y/anchor-is-valid
[0] 
[0] src/components/automation/AutomationDashboard.jsx
[0]   Line 8:11:   'isAuthenticated' is assigned a value but never used                                                                                     no-unused-vars
[0]   Line 8:28:   'serviceAccount' is assigned a value but never used                                                                                      no-unused-vars
[0]   Line 144:6:  React Hook useEffect has missing dependencies: 'sampleAutomations' and 'sampleLogs'. Either include them or remove the dependency array  react-hooks/exhaustive-deps
[0] 
[0] src/components/google/GoogleAppsScriptIntegration.jsx
[0]   Line 10:11:  'isAuthenticated' is assigned a value but never used                                                              no-unused-vars
[0]   Line 10:28:  'serviceAccount' is assigned a value but never used                                                               no-unused-vars
[0]   Line 88:6:   React Hook useEffect has a missing dependency: 'sampleScripts'. Either include it or remove the dependency array  react-hooks/exhaustive-deps
[0]   Line 214:9:  'formatDate' is assigned a value but never used                                                                   no-unused-vars
[0] 
[0] src/components/google/GoogleSheetsIntegration.jsx
[0]   Line 2:23:   'useDispatch' is defined but never used                        no-unused-vars
[0]   Line 10:11:  'isAuthenticated' is assigned a value but never used           no-unused-vars
[0]   Line 10:28:  'serviceAccount' is assigned a value but never used            no-unused-vars
[0]   Line 213:9:  'handleDeleteColumn' is assigned a value but never used        no-unused-vars
[0]   Line 223:9:  'handleAddRow' is assigned a value but never used              no-unused-vars
[0]   Line 230:9:  'handleDeleteRow' is assigned a value but never used           no-unused-vars
[0]   Line 235:9:  'handleDeleteEmptyRows' is assigned a value but never used     no-unused-vars
[0]   Line 242:9:  'handleRowSelect' is assigned a value but never used           no-unused-vars
[0]   Line 248:9:  'handleSelectAllRows' is assigned a value but never used       no-unused-vars
[0]   Line 253:9:  'handleDeleteSelectedRows' is assigned a value but never used  no-unused-vars
[0]   Line 263:9:  'handleMoveRow' is assigned a value but never used             no-unused-vars
[0] 
[0] src/components/layout/Layout.jsx
[0]   Line 73:6:  React Hook useEffect has a missing dependency: 'message'. Either include it or remove the dependency array  react-hooks/exhaustive-deps
[0] 
[0] src/components/security/AuditLogsViewer.jsx
[0]   Line 25:3:  'CalendarOutlined' is defined but never used                                                                                        no-unused-vars
[0]   Line 27:8:  'dayjs' is defined but never used                                                                                                   no-unused-vars
[0]   Line 98:6:  React Hook useEffect has missing dependencies: 'loadLogs' and 'loadStatistics'. Either include them or remove the dependency array  react-hooks/exhaustive-deps
[0] 
[0] src/components/security/SSOLogin.jsx
[0]   Line 16:21:  'setProviders' is assigned a value but never used  no-unused-vars
[0] 
[0] src/components/security/SecuritySettings.jsx
[0]   Line 6:3:   'Input' is defined but never used                                                                                   no-unused-vars
[0]   Line 35:6:  React Hook useEffect has a missing dependency: 'loadUserProfile'. Either include it or remove the dependency array  react-hooks/exhaustive-deps
[0] 
[0] src/components/security/UserManagement.jsx
[0]   Line 21:3:  'PlusOutlined' is defined but never used    no-unused-vars
[0]   Line 22:3:  'SafetyOutlined' is defined but never used  no-unused-vars
[0] 
[0] src/components/telegram/TelegramIntegration.jsx
[0]   Line 10:11:  'isAuthenticated' is assigned a value but never used                                                                                                     no-unused-vars
[0]   Line 10:28:  'serviceAccount' is assigned a value but never used                                                                                                      no-unused-vars
[0]   Line 89:6:   React Hook useEffect has missing dependencies: 'sampleBotInfo', 'sampleChats', and 'sampleMessages'. Either include them or remove the dependency array  react-hooks/exhaustive-deps
[0] 
[0] src/services/retailService.js
[0]   Line 151:1:  Assign object to a variable before exporting as module default  import/no-anonymous-default-export
[0] 
[0] src/services/securityService.js
[0]   Line 533:1:  Assign object to a variable before exporting as module default  import/no-anonymous-default-export
[0] 
[0] Search for the keywords to learn more about each warning.
[0] To ignore, add // eslint-disable-next-line to the line before.
[0] 
[0] WARNING in [eslint] 
[0] src/components/auth/Login.jsx
[0]   Line 303:15:  The href attribute requires a valid value to be accessible. Provide a valid, navigable address as the href value. If you cannot provide a valid href, but still need the element to resemble a link, use a button and change it with appropriate styles. Learn more: https://github.com/jsx-eslint/eslint-plugin-jsx-a11y/blob/HEAD/docs/rules/anchor-is-valid.md  jsx-a11y/anchor-is-valid
[0] 
[0] src/components/automation/AutomationDashboard.jsx
[0]   Line 8:11:   'isAuthenticated' is assigned a value but never used                                                                                     no-unused-vars
[0]   Line 8:28:   'serviceAccount' is assigned a value but never used                                                                                      no-unused-vars
[0]   Line 144:6:  React Hook useEffect has missing dependencies: 'sampleAutomations' and 'sampleLogs'. Either include them or remove the dependency array  react-hooks/exhaustive-deps
[0] 
[0] src/components/google/GoogleAppsScriptIntegration.jsx
[0]   Line 10:11:  'isAuthenticated' is assigned a value but never used                                                              no-unused-vars
[0]   Line 10:28:  'serviceAccount' is assigned a value but never used                                                               no-unused-vars
[0]   Line 88:6:   React Hook useEffect has a missing dependency: 'sampleScripts'. Either include it or remove the dependency array  react-hooks/exhaustive-deps
[0]   Line 214:9:  'formatDate' is assigned a value but never used                                                                   no-unused-vars
[0] 
[0] src/components/google/GoogleSheetsIntegration.jsx
[0]   Line 2:23:   'useDispatch' is defined but never used                        no-unused-vars
[0]   Line 10:11:  'isAuthenticated' is assigned a value but never used           no-unused-vars
[0]   Line 10:28:  'serviceAccount' is assigned a value but never used            no-unused-vars
[0]   Line 213:9:  'handleDeleteColumn' is assigned a value but never used        no-unused-vars
[0]   Line 223:9:  'handleAddRow' is assigned a value but never used              no-unused-vars
[0]   Line 230:9:  'handleDeleteRow' is assigned a value but never used           no-unused-vars
[0]   Line 235:9:  'handleDeleteEmptyRows' is assigned a value but never used     no-unused-vars
[0]   Line 242:9:  'handleRowSelect' is assigned a value but never used           no-unused-vars
[0]   Line 248:9:  'handleSelectAllRows' is assigned a value but never used       no-unused-vars
[0]   Line 253:9:  'handleDeleteSelectedRows' is assigned a value but never used  no-unused-vars
[0]   Line 263:9:  'handleMoveRow' is assigned a value but never used             no-unused-vars
[0] 
[0] src/components/layout/Layout.jsx
[0]   Line 73:6:  React Hook useEffect has a missing dependency: 'message'. Either include it or remove the dependency array  react-hooks/exhaustive-deps
[0] 
[0] src/components/security/AuditLogsViewer.jsx
[0]   Line 25:3:  'CalendarOutlined' is defined but never used                                                                                        no-unused-vars
[0]   Line 27:8:  'dayjs' is defined but never used                                                                                                   no-unused-vars
[0]   Line 98:6:  React Hook useEffect has missing dependencies: 'loadLogs' and 'loadStatistics'. Either include them or remove the dependency array  react-hooks/exhaustive-deps
[0] 
[0] src/components/security/SSOLogin.jsx
[0]   Line 16:21:  'setProviders' is assigned a value but never used  no-unused-vars
[0] 
[0] src/components/security/SecuritySettings.jsx
[0]   Line 6:3:   'Input' is defined but never used                                                                                   no-unused-vars
[0]   Line 35:6:  React Hook useEffect has a missing dependency: 'loadUserProfile'. Either include it or remove the dependency array  react-hooks/exhaustive-deps
[0] 
[0] src/components/security/UserManagement.jsx
[0]   Line 21:3:  'PlusOutlined' is defined but never used    no-unused-vars
[0]   Line 22:3:  'SafetyOutlined' is defined but never used  no-unused-vars
[0] 
[0] src/components/telegram/TelegramIntegration.jsx
[0]   Line 10:11:  'isAuthenticated' is assigned a value but never used                                                                                                     no-unused-vars
[0]   Line 10:28:  'serviceAccount' is assigned a value but never used                                                                                                      no-unused-vars
[0]   Line 89:6:   React Hook useEffect has missing dependencies: 'sampleBotInfo', 'sampleChats', and 'sampleMessages'. Either include them or remove the dependency array  react-hooks/exhaustive-deps
[0] 
[0] src/services/retailService.js
[0]   Line 151:1:  Assign object to a variable before exporting as module default  import/no-anonymous-default-export
[0] 
[0] src/services/securityService.js
[0]   Line 533:1:  Assign object to a variable before exporting as module default  import/no-anonymous-default-export
[0] 
[0] webpack compiled with 1 warning
[1] ::1 - - [24/Feb/2026:18:58:24 +0000] "GET /api/auth/verify HTTP/1.1" 304 - "http://localhost:3000/" "Mozilla/5.0 (Macintosh; Intel Mac OS X 10_15_7) AppleWebKit/537.36 (KHTML, like Gecko) Chrome/145.0.0.0 Safari/537.36"
[1] ::1 - - [24/Feb/2026:18:58:24 +0000] "GET /api/auth/verify HTTP/1.1" 304 - "http://localhost:3000/" "Mozilla/5.0 (Macintosh; Intel Mac OS X 10_15_7) AppleWebKit/537.36 (KHTML, like Gecko) Chrome/145.0.0.0 Safari/537.36"
[1] npm run backend exited with code SIGINT
[2] INFO:     Shutting down
[0] npm run start exited with code SIGINT
[2] INFO:     Finished server process [99249]
[2] INFO:     Stopping reloader process [99199]
[2] npm run ai-service exited with code SIGTERM
