
> react-google-sheets-project@1.0.0 start
> react-scripts start

(node:96948) [DEP_WEBPACK_DEV_SERVER_ON_AFTER_SETUP_MIDDLEWARE] DeprecationWarning: 'onAfterSetupMiddleware' option is deprecated. Please use the 'setupMiddlewares' option.
(Use `node --trace-deprecation ...` to show where the warning was created)
(node:96948) [DEP_WEBPACK_DEV_SERVER_ON_BEFORE_SETUP_MIDDLEWARE] DeprecationWarning: 'onBeforeSetupMiddleware' option is deprecated. Please use the 'setupMiddlewares' option.
Starting the development server...

Failed to compile.

Module not found: Error: Can't resolve 'brain.js' in '/Users/phuccao/Projects/work/oas-integration/v4-part2/google-sheets-project/src/services/ai'
LOG from ../node_modules/.pnpm/sass-loader@12.6.0_sass@1.97.3_webpack@5.105.2/node_modules/sass-loader/dist/cjs.js sass-loader ../node_modules/.pnpm/css-loader@6.11.0_webpack@5.105.2/node_modules/css-loader/dist/cjs.js??ruleSet[1].rules[1].oneOf[8].use[1]!../node_modules/.pnpm/postcss-loader@6.2.1_postcss@8.5.6_webpack@5.105.2/node_modules/postcss-loader/dist/cjs.js??ruleSet[1].rules[1].oneOf[8].use[2]!../node_modules/.pnpm/resolve-url-loader@4.0.0/node_modules/resolve-url-loader/index.js??ruleSet[1].rules[1].oneOf[8].use[3]!../node_modules/.pnpm/sass-loader@12.6.0_sass@1.97.3_webpack@5.105.2/node_modules/sass-loader/dist/cjs.js??ruleSet[1].rules[1].oneOf[8].use[4]!./src/pages/LoginPage.module.scss
<w> Deprecation The legacy JS API is deprecated and will be removed in Dart Sass 2.0.0.
<w> 
<w> More info: https://sass-lang.com/d/legacy-js-api
<w> 
<w> null
<w> Deprecation Sass @import rules are deprecated and will be removed in Dart Sass 3.0.0.
<w> 
<w> More info and automated migrator: https://sass-lang.com/d/import
<w> 
<w> src/pages/LoginPage.module.scss 2:9  root stylesheet
<w> 
<w> Deprecation Sass @import rules are deprecated and will be removed in Dart Sass 3.0.0.
<w> 
<w> More info and automated migrator: https://sass-lang.com/d/import
<w> 
<w> src/pages/LoginPage.module.scss 3:9  root stylesheet
<w>

ERROR in ./src/services/ai/advancedMLService.js 19:20-38
Module not found: Error: Can't resolve 'brain.js' in '/Users/phuccao/Projects/work/oas-integration/v4-part2/google-sheets-project/src/services/ai'

ERROR in ./src/services/ai/aiPredictiveService.js 19:20-38
Module not found: Error: Can't resolve 'brain.js' in '/Users/phuccao/Projects/work/oas-integration/v4-part2/google-sheets-project/src/services/ai'

ERROR in [eslint] Plugin "react" was conflicted between "../.eslintrc.json » eslint-config-react-app » /Users/phuccao/Projects/work/oas-integration/v4-part2/node_modules/eslint-config-react-app/base.js" and "BaseConfig » /Users/phuccao/Projects/work/oas-integration/v4-part2/node_modules/.pnpm/eslint-config-react-app@7.0.1_@babel+plugin-syntax-flow@7.28.6_@babel+core@7.29.0__@bab_5689a93aceacd31db3a377bfb738904d/node_modules/eslint-config-react-app/base.js".

webpack compiled with 3 errors
